// Jest Snapshot v1, https://goo.gl/fbAQLP

exports[`ForecastSummary renders correctly 1`] = `
<DocumentFragment>
  <div
    class="forecast-summary"
  >
    <div
      class="date"
    >
       mockDate
    </div>
    <div
      class="temperature"
    >
      mockTemperature
    </div>
    <div
      class="description"
    >
      mockDescription
    </div>
    <div
      class="icon"
    >
      mockIcon
    </div>
  </div>
</DocumentFragment>
`;
